// ============================================================================
// STEP 1: Get all available factions from CfgFactionClasses
// ============================================================================
private _factions = [];
private _bluforFactions = [];
private _opforFactions = [];
private _greenforFactions = [];
{
    private _factionClass = configName _x;
    private _displayName = getText (_x >> "displayName");
    private _side = getNumber (_x >> "side");
    
    // Side mapping: 0=OPFOR, 1=BLUFOR, 2=INDFOR, 3=CIV
    private _sideName = ["OPFOR", "BLUFOR", "INDFOR", "CIVILIAN"] select (_side min 3);

    if (_sideName == "BLUFOR") then { _bluforFactions pushBack [_factionClass, _displayName, _side, _sideName] };
    if (_sideName == "OPFOR") then { _opforFactions pushBack [_factionClass, _displayName, _side, _sideName] };
    if (_sideName == "INDFOR") then { _greenforFactions pushBack [_factionClass, _displayName, _side, _sideName] };
    
    _factions pushBack [_factionClass, _displayName, _side, _sideName];
    
    // diag_log format ["DSC: Faction found - %1 (%2) [%3]", _displayName, _factionClass, _sideName];
} forEach ("true" configClasses (configFile >> "CfgFactionClasses"));


diag_log "=============== Groups for BluFor Factions =================";
{
    private _factionClass = _x select 0;
    [_factionClass] call DSC_core_fnc_factionGroupMapper;
} forEach _bluforFactions;

diag_log "=============== Groups for OpFor Factions =================";
{
    private _factionClass = _x select 0;
    [_factionClass] call DSC_core_fnc_factionGroupMapper;
} forEach _opforFactions;

diag_log "=============== Groups for IndFor Factions =================";
{
    private _factionClass = _x select 0;
    [_factionClass] call DSC_core_fnc_factionGroupMapper;
} forEach _greenforFactions;


10:51:40 "=============== Groups for BluFor Factions ================="
10:51:40 "DSC: fnc_factionGroupMapper - US (BLU_F): Infantry=21, Motorized=0, Mechanized=19"
10:51:40 "DSC: fnc_factionGroupMapper - No CfgGroups entry for faction 'BLU_G_F' under West"
10:51:40 "DSC: fnc_factionGroupMapper - US (Pacific) (BLU_T_F): Infantry=20, Motorized=0, Mechanized=19"
10:51:40 "DSC: fnc_factionGroupMapper - CTRG (BLU_CTRG_F): Infantry=6, Motorized=2, Mechanized=0"
10:51:40 "DSC: fnc_factionGroupMapper - No CfgGroups entry for faction 'BLU_GEN_F' under West"
10:51:40 "DSC: fnc_factionGroupMapper - US (Woodland) (BLU_W_F): Infantry=20, Motorized=0, Mechanized=19"
10:51:40 "DSC: fnc_factionGroupMapper - ION Services (BLU_ION_lxWS): Infantry=6, Motorized=4, Mechanized=0"
10:51:40 "DSC: fnc_factionGroupMapper - UNA (BLU_UN_lxWS): Infantry=2, Motorized=0, Mechanized=6"
10:51:40 "DSC: fnc_factionGroupMapper - US (Desert) (BLU_NATO_lxWS): Infantry=17, Motorized=1, Mechanized=20"
10:51:40 "DSC: fnc_factionGroupMapper - Tura (BLU_TURA_lxWS): Infantry=3, Motorized=3, Mechanized=1"
10:51:40 "DSC: fnc_factionGroupMapper - No CfgGroups entry for faction 'rhs_faction_usarmy' under West"
10:51:40 "DSC: fnc_factionGroupMapper - No CfgGroups entry for faction 'rhs_faction_usmc' under West"
10:51:40 "DSC: fnc_factionGroupMapper - USA (Army - W) (rhs_faction_usarmy_wd): Infantry=20, Motorized=4, Mechanized=64"
10:51:40 "DSC: fnc_factionGroupMapper - USA (Army - D) (rhs_faction_usarmy_d): Infantry=20, Motorized=4, Mechanized=64"
10:51:40 "DSC: fnc_factionGroupMapper - USA (USMC - W) (rhs_faction_usmc_wd): Infantry=13, Motorized=4, Mechanized=10"
10:51:40 "DSC: fnc_factionGroupMapper - USA (USMC - D) (rhs_faction_usmc_d): Infantry=13, Motorized=4, Mechanized=10"
10:51:40 "DSC: fnc_factionGroupMapper - No CfgGroups entry for faction 'rhs_faction_usaf' under West"
10:51:40 "DSC: fnc_factionGroupMapper - No CfgGroups entry for faction 'rhs_faction_usn' under West"
10:51:40 "DSC: fnc_factionGroupMapper - No CfgGroups entry for faction 'rhs_faction_socom' under West"
10:51:40 "DSC: fnc_factionGroupMapper - CTRG (Pacific) (BLU_CTRG_tna_F): Infantry=6, Motorized=2, Mechanized=0"
10:51:40 "DSC: fnc_factionGroupMapper - BAF (BLU_A_F): Infantry=17, Motorized=0, Mechanized=11"
10:51:40 "DSC: fnc_factionGroupMapper - BAF (Pacific) (BLU_A_tna_F): Infantry=17, Motorized=0, Mechanized=11"
10:51:40 "DSC: fnc_factionGroupMapper - BAF (Woodland) (BLU_A_wdl_F): Infantry=16, Motorized=0, Mechanized=11"
10:51:40 "DSC: fnc_factionGroupMapper - No CfgGroups entry for faction 'BLU_ION_F' under West"
10:51:40 "DSC: fnc_factionGroupMapper - LDF (BLU_EAF_F): Infantry=16, Motorized=8, Mechanized=6"
10:51:40 "DSC: fnc_factionGroupMapper - LDF (Arid) (BLU_EAF_ard_F): Infantry=16, Motorized=8, Mechanized=6"
10:51:40 "DSC: fnc_factionGroupMapper - CDF (Ground Forces) (rhsgref_faction_cdf_ground_b): Infantry=4, Motorized=24, Mechanized=48"
10:51:40 "DSC: fnc_factionGroupMapper - No CfgGroups entry for faction 'rhsgref_faction_cdf_air_b' under West"
10:51:40 "DSC: fnc_factionGroupMapper - No CfgGroups entry for faction 'rhsgref_faction_cdf_ng_b' under West"
10:51:40 "DSC: fnc_factionGroupMapper - Horizon Islands Defence Force (rhsgref_faction_hidf): Infantry=7, Motorized=2, Mechanized=2"
10:51:40 "=============== Groups for OpFor Factions ================="
10:51:40 "DSC: fnc_factionGroupMapper - Iran (OPF_F): Infantry=24, Motorized=0, Mechanized=18"
10:51:40 "DSC: fnc_factionGroupMapper - FIA (OPF_G_F): Infantry=12, Motorized=2, Mechanized=2"
10:51:40 "DSC: fnc_factionGroupMapper - China (OPF_T_F): Infantry=20, Motorized=0, Mechanized=18"
10:51:40 "DSC: fnc_factionGroupMapper - Viper (OPF_V_F): Infantry=3, Motorized=2, Mechanized=0"
10:51:40 "DSC: fnc_factionGroupMapper - Russia (OPF_R_F): Infantry=21, Motorized=0, Mechanized=20"
10:51:40 "DSC: fnc_factionGroupMapper - No CfgGroups entry for faction 'OPF_GEN_F' under East"
10:51:40 "DSC: fnc_factionGroupMapper - No CfgGroups entry for faction 'OPF_ION_lxWS' under East"
10:51:40 "DSC: fnc_factionGroupMapper - SFIA (OPF_SFIA_lxWS): Infantry=6, Motorized=4, Mechanized=6"
10:51:40 "DSC: fnc_factionGroupMapper - Tura (OPF_TURA_lxWS): Infantry=3, Motorized=3, Mechanized=1"
10:51:40 "DSC: fnc_factionGroupMapper - Russia (MSV) (rhs_faction_msv): Infantry=22, Motorized=14, Mechanized=42"
10:51:40 "DSC: fnc_factionGroupMapper - Russia (VDV) (rhs_faction_vdv): Infantry=51, Motorized=24, Mechanized=69"
10:51:40 "DSC: fnc_factionGroupMapper - No CfgGroups entry for faction 'rhs_faction_vdv_45' under East"
10:51:40 "DSC: fnc_factionGroupMapper - Russia (VMF) (rhs_faction_vmf): Infantry=18, Motorized=0, Mechanized=12"
10:51:40 "DSC: fnc_factionGroupMapper - No CfgGroups entry for faction 'rhs_faction_vv' under East"
10:51:40 "DSC: fnc_factionGroupMapper - Russia (TV) (rhs_faction_tv): Infantry=0, Motorized=0, Mechanized=64"
10:51:40 "DSC: fnc_factionGroupMapper - No CfgGroups entry for faction 'rhs_faction_vpvo' under East"
10:51:40 "DSC: fnc_factionGroupMapper - No CfgGroups entry for faction 'rhs_faction_vvs' under East"
10:51:40 "DSC: fnc_factionGroupMapper - No CfgGroups entry for faction 'rhs_faction_vvs_c' under East"
10:51:40 "DSC: fnc_factionGroupMapper - No CfgGroups entry for faction 'rhs_faction_rva' under East"
10:51:40 "DSC: fnc_factionGroupMapper - Argana (OPF_A_F): Infantry=8, Motorized=4, Mechanized=7"
10:51:40 "DSC: fnc_factionGroupMapper - Viper (Pacific) (OPF_V_tna_F): Infantry=3, Motorized=2, Mechanized=0"
10:51:40 "DSC: fnc_factionGroupMapper - Russia (Arid) (OPF_R_ard_F): Infantry=21, Motorized=0, Mechanized=20"
10:51:40 "DSC: fnc_factionGroupMapper - Raven Security (OPF_Raven_F): Infantry=3, Motorized=1, Mechanized=2"
10:51:40 "DSC: fnc_factionGroupMapper - China (Desert) (OPF_CD_F): Infantry=9, Motorized=0, Mechanized=0"
10:51:40 "DSC: fnc_factionGroupMapper - ChDKZ (rhsgref_faction_chdkz): Infantry=5, Motorized=18, Mechanized=45"
10:51:40 "DSC: fnc_factionGroupMapper - Tanoan Liberation Army (rhsgref_faction_tla): Infantry=1, Motorized=0, Mechanized=0"
10:51:40 "DSC: fnc_factionGroupMapper - SAF (KOV) (rhssaf_faction_army_opfor): Infantry=30, Motorized=7, Mechanized=2"
10:51:40 "DSC: fnc_factionGroupMapper - No CfgGroups entry for faction 'rhssaf_faction_airforce_opfor' under East"
10:51:40 "=============== Groups for IndFor Factions ================="
10:51:40 "DSC: fnc_factionGroupMapper - AAF (IND_F): Infantry=15, Motorized=1, Mechanized=19"
10:51:40 "DSC: fnc_factionGroupMapper - FIA (IND_G_F): Infantry=12, Motorized=2, Mechanized=2"
10:51:40 "DSC: fnc_factionGroupMapper - Syndikat (IND_C_F): Infantry=6, Motorized=0, Mechanized=0"
10:51:40 "DSC: fnc_factionGroupMapper - LDF (IND_E_F): Infantry=16, Motorized=8, Mechanized=6"
10:51:40 "DSC: fnc_factionGroupMapper - Looters (IND_L_F): Infantry=2, Motorized=0, Mechanized=0"
10:51:40 "DSC: fnc_factionGroupMapper - No CfgGroups entry for faction 'IND_ION_lxWS' under Indep"
10:51:40 "DSC: fnc_factionGroupMapper - No CfgGroups entry for faction 'IND_UN_lxWS' under Indep"
10:51:40 "DSC: fnc_factionGroupMapper - SFIA (IND_SFIA_lxWS): Infantry=6, Motorized=4, Mechanized=5"
10:51:40 "DSC: fnc_factionGroupMapper - Tura (IND_TURA_lxWS): Infantry=3, Motorized=3, Mechanized=1"
10:51:40 "DSC: fnc_factionGroupMapper - LDF (Arid) (IND_E_ard_F): Infantry=16, Motorized=8, Mechanized=6"
10:51:40 "DSC: fnc_factionGroupMapper - Raven Security (IND_Raven_F): Infantry=3, Motorized=1, Mechanized=2"
10:51:40 "DSC: fnc_factionGroupMapper - No CfgGroups entry for faction 'rhs_faction_insurgents' under Indep"
10:51:40 "DSC: fnc_factionGroupMapper - CDF (Ground Forces) (rhsgref_faction_cdf_ground): Infantry=4, Motorized=24, Mechanized=48"
10:51:40 "DSC: fnc_factionGroupMapper - No CfgGroups entry for faction 'rhsgref_faction_cdf_air' under Indep"
10:51:40 "DSC: fnc_factionGroupMapper - CDF (National Guard) (rhsgref_faction_cdf_ng): Infantry=1, Motorized=0, Mechanized=0"
10:51:40 "DSC: fnc_factionGroupMapper - No CfgGroups entry for faction 'rhsgref_faction_un' under Indep"
10:51:40 "DSC: fnc_factionGroupMapper - NAPA (rhsgref_faction_nationalist): Infantry=5, Motorized=10, Mechanized=6"
10:51:40 "DSC: fnc_factionGroupMapper - ChDKZ (rhsgref_faction_chdkz_g): Infantry=5, Motorized=18, Mechanized=45"
10:51:40 "DSC: fnc_factionGroupMapper - Tanoan Liberation Army (rhsgref_faction_tla_g): Infantry=1, Motorized=0, Mechanized=0"
10:51:40 "DSC: fnc_factionGroupMapper - SAF (KOV) (rhssaf_faction_army): Infantry=30, Motorized=7, Mechanized=2"
10:51:40 "DSC: fnc_factionGroupMapper - No CfgGroups entry for faction 'rhssaf_faction_airforce' under Indep"
10:51:40 "DSC: fnc_factionGroupMapper - SAF (UN Peacekeepers) (rhssaf_faction_un): Infantry=10, Motorized=6, Mechanized=0"
10:51:54  Mission id: 4b5f2b08054e025ebdab7293a0aea7f24320e1c0