18:09:00 "=============================================================="
18:09:00 "DSC: Faction 'BLU_F'"
18:09:00 "=============================================================="
18:09:00 "DSC: fnc_extractGroups - Extracted 47 groups from faction 'BLU_F'"
18:09:00 "DSC: fnc_classifyGroups - Classified 47 groups"
18:09:00 "DSC: fnc_classifyGroups - Tag distribution: [[""INFANTRY_SQUAD"",5],[""NIGHT_CAPABLE"",36],[""PATROL"",21],[""ANTI_AIR"",3],[""MOTORIZED"",7],[""FIRETEAM"",16],[""NAVAL"",1],[""PLATOON_ELEMENT"",1],[""FOOT"",21],[""ELITE"",13],[""FIXED_WING"",2],[""MEDICAL_TEAM"",3],[""AA_TEAM"",3],[""AIRBORNE"",1],[""ARMOR"",12],[""SCOUT_RECON"",14],[""AMPHIBIOUS"",4],[""AIR_ASSAULT"",1],[""ANTI_ARMOR"",13],[""AT_TEAM"",7],[""ENGINEER_TEAM"",3],[""ARMORED"",12]]"
18:09:00 "  BUS_InfSquad (Infantry)"
18:09:00 "    Tags: [""INFANTRY_SQUAD"",""ANTI_ARMOR"",""FOOT"",""NIGHT_CAPABLE"",""PATROL""]"
18:09:00 "    Units: 8 inf, 0 veh | AT=1 AA=0 MG=0 | Conf: 0.6"
18:09:00 "  BUS_InfSquad_Weapons (Infantry)"
18:09:00 "    Tags: [""INFANTRY_SQUAD"",""ANTI_ARMOR"",""FOOT"",""NIGHT_CAPABLE"",""PATROL""]"
18:09:00 "    Units: 8 inf, 0 veh | AT=1 AA=0 MG=0 | Conf: 0.6"
18:09:00 "  BUS_InfTeam (Infantry)"
18:09:00 "    Tags: [""FIRETEAM"",""ANTI_ARMOR"",""AT_TEAM"",""FOOT"",""NIGHT_CAPABLE"",""PATROL""]"
18:09:00 "    Units: 4 inf, 0 veh | AT=1 AA=0 MG=0 | Conf: 0.75"
18:09:00 "  BUS_InfTeam_AT (Infantry)"
18:09:00 "    Tags: [""FIRETEAM"",""ANTI_ARMOR"",""AT_TEAM"",""FOOT"",""NIGHT_CAPABLE"",""PATROL""]"
18:09:00 "    Units: 4 inf, 0 veh | AT=2 AA=0 MG=0 | Conf: 0.75"
18:09:00 "  BUS_InfTeam_AA (Infantry)"
18:09:00 "    Tags: [""FIRETEAM"",""ANTI_AIR"",""AA_TEAM"",""FOOT"",""NIGHT_CAPABLE"",""PATROL""]"
18:09:00 "    Units: 4 inf, 0 veh | AT=0 AA=2 MG=0 | Conf: 0.75"
18:09:00 "  BUS_InfSentry (Infantry)"
18:09:00 "    Tags: [""FIRETEAM"",""FOOT"",""NIGHT_CAPABLE"",""PATROL""]"
18:09:00 "    Units: 2 inf, 0 veh | AT=0 AA=0 MG=0 | Conf: 0.6"
18:09:00 "  BUS_ReconTeam (Infantry)"
18:09:00 "    Tags: [""INFANTRY_SQUAD"",""ANTI_ARMOR"",""SCOUT_RECON"",""FOOT"",""ELITE"",""NIGHT_CAPABLE"",""PATROL""]"
18:09:00 "    Units: 6 inf, 0 veh | AT=1 AA=0 MG=0 | Conf: 0.8"
18:09:00 "  BUS_ReconPatrol (Infantry)"
18:09:00 "    Tags: [""FIRETEAM"",""MEDICAL_TEAM"",""SCOUT_RECON"",""FOOT"",""ELITE"",""NIGHT_CAPABLE"",""PATROL""]"
18:09:00 "    Units: 4 inf, 0 veh | AT=0 AA=0 MG=0 | Conf: 0.8"
18:09:00 "  BUS_ReconSentry (Infantry)"
18:09:00 "    Tags: [""FIRETEAM"",""SCOUT_RECON"",""FOOT"",""ELITE"",""NIGHT_CAPABLE"",""PATROL""]"
18:09:00 "    Units: 2 inf, 0 veh | AT=0 AA=0 MG=0 | Conf: 0.8"
18:09:00 "  BUS_SniperTeam (Infantry)"
18:09:00 "    Tags: [""FIRETEAM"",""SCOUT_RECON"",""FOOT"",""NIGHT_CAPABLE"",""PATROL""]"
18:09:00 "    Units: 2 inf, 0 veh | AT=0 AA=0 MG=0 | Conf: 0.7"
18:09:00 "  BUS_InfAssault (Infantry)"
18:09:00 "    Tags: [""INFANTRY_SQUAD"",""ANTI_ARMOR"",""FOOT"",""NIGHT_CAPABLE"",""PATROL""]"
18:09:00 "    Units: 8 inf, 0 veh | AT=1 AA=0 MG=1 | Conf: 0.6"
18:09:00 "  BUS_ReconSquad (Infantry)"
18:09:00 "    Tags: [""INFANTRY_SQUAD"",""ANTI_ARMOR"",""SCOUT_RECON"",""FOOT"",""ELITE"",""NIGHT_CAPABLE"",""PATROL""]"
18:09:00 "    Units: 8 inf, 0 veh | AT=1 AA=0 MG=0 | Conf: 0.8"
18:09:00 "  B_InfTeam_Light (Infantry)"
18:09:00 "    Tags: [""FIRETEAM"",""ANTI_ARMOR"",""AT_TEAM"",""FOOT"",""NIGHT_CAPABLE"",""PATROL""]"
18:09:00 "    Units: 4 inf, 0 veh | AT=1 AA=0 MG=0 | Conf: 0.75"
18:09:00 "  BUS_DiverTeam (SpecOps)"
18:09:00 "    Tags: [""FIRETEAM"",""SCOUT_RECON"",""AMPHIBIOUS"",""FOOT"",""ELITE"",""PATROL""]"
18:09:00 "    Units: 4 inf, 0 veh | AT=0 AA=0 MG=0 | Conf: 0.8"
18:09:00 "  BUS_DiverTeam_Boat (SpecOps)"
18:09:00 "    Tags: [""SCOUT_RECON"",""AMPHIBIOUS"",""AMPHIBIOUS"",""NAVAL"",""ELITE""]"
18:09:00 "    Units: 4 inf, 1 veh | AT=0 AA=0 MG=0 | Conf: 0.7"
18:09:00 "  BUS_DiverTeam_SDV (SpecOps)"
18:09:00 "    Tags: [""SCOUT_RECON"",""AMPHIBIOUS"",""ELITE""]"
18:09:00 "    Units: 4 inf, 2 veh | AT=0 AA=0 MG=0 | Conf: 0.7"
18:09:00 "  BUS_SmallTeam_UAV (SpecOps)"
18:09:00 "    Tags: [""SCOUT_RECON"",""AIRBORNE"",""AIR_ASSAULT"",""ELITE"",""NIGHT_CAPABLE""]"
18:09:00 "    Units: 2 inf, 1 veh | AT=0 AA=0 MG=0 | Conf: 0.7"
18:09:00 "  BUS_ReconTeam_UGV (SpecOps)"
18:09:00 "    Tags: [""SCOUT_RECON"",""ELITE"",""NIGHT_CAPABLE""]"
18:09:00 "    Units: 2 inf, 1 veh | AT=0 AA=0 MG=0 | Conf: 0.7"
18:09:00 "  BUS_AttackTeam_UGV (SpecOps)"
18:09:00 "    Tags: [""SCOUT_RECON"",""ELITE"",""NIGHT_CAPABLE""]"
18:09:00 "    Units: 2 inf, 1 veh | AT=0 AA=0 MG=0 | Conf: 0.7"
18:09:00 "  BUS_ReconTeam_UAV (SpecOps)"
18:09:00 "    Tags: [""SCOUT_RECON"",""FIXED_WING"",""ELITE"",""NIGHT_CAPABLE""]"
18:09:00 "    Units: 2 inf, 1 veh | AT=0 AA=0 MG=0 | Conf: 0.7"
18:09:00 "  BUS_AttackTeam_UAV (SpecOps)"
18:09:00 "    Tags: [""SCOUT_RECON"",""FIXED_WING"",""ELITE"",""NIGHT_CAPABLE""]"
18:09:00 "    Units: 2 inf, 1 veh | AT=0 AA=0 MG=0 | Conf: 0.7"
18:09:00 "  BUS_Support_CLS (Support)"
18:09:00 "    Tags: [""FIRETEAM"",""MEDICAL_TEAM"",""FOOT"",""NIGHT_CAPABLE"",""PATROL""]"
18:09:00 "    Units: 4 inf, 0 veh | AT=0 AA=0 MG=0 | Conf: 0.6"
18:09:00 "  BUS_Support_EOD (Support)"
18:09:00 "    Tags: [""FIRETEAM"",""ENGINEER_TEAM"",""FOOT"",""NIGHT_CAPABLE"",""PATROL""]"
18:09:00 "    Units: 4 inf, 0 veh | AT=0 AA=0 MG=0 | Conf: 0.6"
18:09:00 "  BUS_Support_ENG (Support)"
18:09:00 "    Tags: [""FIRETEAM"",""ENGINEER_TEAM"",""FOOT"",""NIGHT_CAPABLE"",""PATROL""]"
18:09:00 "    Units: 4 inf, 0 veh | AT=0 AA=0 MG=0 | Conf: 0.6"
18:09:00 "  BUS_Recon_EOD (Support)"
18:09:00 "    Tags: [""FIRETEAM"",""SCOUT_RECON"",""FOOT"",""ELITE"",""NIGHT_CAPABLE"",""PATROL""]"
18:09:00 "    Units: 4 inf, 0 veh | AT=0 AA=0 MG=0 | Conf: 0.8"
18:09:00 "  BUS_Support_MG (Support)"
18:09:00 "    Tags: [""FIRETEAM"",""FOOT"",""NIGHT_CAPABLE"",""PATROL""]"
18:09:00 "    Units: 3 inf, 0 veh | AT=0 AA=0 MG=0 | Conf: 0.6"
18:09:00 "  BUS_Support_GMG (Support)"
18:09:00 "    Tags: [""FIRETEAM"",""FOOT"",""NIGHT_CAPABLE"",""PATROL""]"
18:09:00 "    Units: 3 inf, 0 veh | AT=0 AA=0 MG=0 | Conf: 0.6"
18:09:00 "  BUS_Support_Mort (Support)"
18:09:00 "    Tags: [""FIRETEAM"",""FOOT"",""NIGHT_CAPABLE"",""PATROL""]"
18:09:00 "    Units: 3 inf, 0 veh | AT=0 AA=0 MG=0 | Conf: 0.6"
18:09:00 "  BUS_MotInf_Team (Motorized)"
18:09:00 "    Tags: [""ANTI_ARMOR"",""AT_TEAM"",""MOTORIZED"",""NIGHT_CAPABLE""]"
18:09:00 "    Units: 2 inf, 1 veh | AT=1 AA=0 MG=0 | Conf: 0.65"
18:09:00 "  BUS_MotInf_AT (Motorized)"
18:09:00 "    Tags: [""ANTI_ARMOR"",""AT_TEAM"",""MOTORIZED"",""NIGHT_CAPABLE""]"
18:09:00 "    Units: 3 inf, 1 veh | AT=2 AA=0 MG=0 | Conf: 0.65"
18:09:00 "  BUS_MotInf_AA (Motorized)"
18:09:00 "    Tags: [""ANTI_AIR"",""AA_TEAM"",""MOTORIZED"",""NIGHT_CAPABLE""]"
18:09:00 "    Units: 3 inf, 1 veh | AT=0 AA=2 MG=0 | Conf: 0.65"
18:09:00 "  BUS_MotInf_MGTeam (Motorized)"
18:09:00 "    Tags: [""MOTORIZED"",""NIGHT_CAPABLE""]"
18:09:00 "    Units: 3 inf, 1 veh | AT=0 AA=0 MG=0 | Conf: 0.5"
18:09:00 "  BUS_MotInf_GMGTeam (Motorized)"
18:09:00 "    Tags: [""MOTORIZED"",""NIGHT_CAPABLE""]"
18:09:00 "    Units: 3 inf, 1 veh | AT=0 AA=0 MG=0 | Conf: 0.5"
18:09:00 "  BUS_MotInf_MortTeam (Motorized)"
18:09:00 "    Tags: [""MOTORIZED"",""NIGHT_CAPABLE""]"
18:09:00 "    Units: 3 inf, 1 veh | AT=0 AA=0 MG=0 | Conf: 0.5"
18:09:00 "  BUS_MotInf_Reinforce (Motorized)"
18:09:00 "    Tags: [""PLATOON_ELEMENT"",""ANTI_ARMOR"",""AT_TEAM"",""MOTORIZED"",""NIGHT_CAPABLE""]"
18:09:00 "    Units: 16 inf, 1 veh | AT=2 AA=0 MG=0 | Conf: 0.65"
18:09:00 "  BUS_MechInfSquad (Mechanized)"
18:09:00 "    Tags: [""ANTI_ARMOR"",""ARMORED"",""ARMOR"",""NIGHT_CAPABLE""]"
18:09:00 "    Units: 8 inf, 1 veh | AT=1 AA=0 MG=0 | Conf: 0.65"
18:09:00 "  BUS_MechInf_AT (Mechanized)"
18:09:00 "    Tags: [""ANTI_ARMOR"",""AT_TEAM"",""ARMORED"",""ARMOR"",""NIGHT_CAPABLE""]"
18:09:00 "    Units: 8 inf, 1 veh | AT=3 AA=0 MG=0 | Conf: 0.8"
18:09:00 "  BUS_MechInf_AA (Mechanized)"
18:09:00 "    Tags: [""ANTI_AIR"",""AA_TEAM"",""ARMORED"",""ARMOR"",""NIGHT_CAPABLE""]"
18:09:00 "    Units: 8 inf, 1 veh | AT=0 AA=3 MG=0 | Conf: 0.8"
18:09:00 "  BUS_MechInf_Support (Mechanized)"
18:09:00 "    Tags: [""MEDICAL_TEAM"",""ENGINEER_TEAM"",""ARMORED"",""ARMOR"",""NIGHT_CAPABLE""]"
18:09:00 "    Units: 8 inf, 1 veh | AT=0 AA=0 MG=0 | Conf: 0.65"
18:09:00 "  BUS_TankPlatoon (Armored)"
18:09:00 "    Tags: [""ARMORED"",""ARMOR""]"
18:09:00 "    Units: 0 inf, 4 veh | AT=0 AA=0 MG=0 | Conf: 0.65"
18:09:00 "  BUS_TankPlatoon_AA (Armored)"
18:09:00 "    Tags: [""ARMORED"",""ARMOR""]"
18:09:00 "    Units: 0 inf, 4 veh | AT=0 AA=0 MG=0 | Conf: 0.65"
18:09:00 "  BUS_TankSection (Armored)"
18:09:00 "    Tags: [""ARMORED"",""ARMOR""]"
18:09:00 "    Units: 0 inf, 2 veh | AT=0 AA=0 MG=0 | Conf: 0.65"
18:09:00 "  BUS_SPGPlatoon_Scorcher (Armored)"
18:09:00 "    Tags: [""ARMORED"",""ARMOR""]"
18:09:00 "    Units: 0 inf, 4 veh | AT=0 AA=0 MG=0 | Conf: 0.65"
18:09:00 "  BUS_SPGSection_Scorcher (Armored)"
18:09:00 "    Tags: [""ARMORED"",""ARMOR""]"
18:09:00 "    Units: 0 inf, 2 veh | AT=0 AA=0 MG=0 | Conf: 0.65"
18:09:00 "  BUS_SPGSection_MLRS (Armored)"
18:09:00 "    Tags: [""ARMORED"",""ARMOR""]"
18:09:00 "    Units: 0 inf, 2 veh | AT=0 AA=0 MG=0 | Conf: 0.65"
18:09:00 "  B_TankDestrSection_Rhino (Armored)"
18:09:00 "    Tags: [""ARMORED"",""ARMOR""]"
18:09:00 "    Units: 0 inf, 2 veh | AT=0 AA=0 MG=0 | Conf: 0.65"
18:09:00 "  B_TankDestrSection_RhinoUP (Armored)"
18:09:00 "    Tags: [""ARMORED"",""ARMOR""]"
18:09:00 "    Units: 0 inf, 2 veh | AT=0 AA=0 MG=0 | Conf: 0.65"
18:09:00 ""
18:09:00 "=============================================================="
18:09:00 "DSC: Faction 'OPF_F'"
18:09:00 "=============================================================="
18:09:00 "DSC: fnc_extractGroups - Extracted 52 groups from faction 'OPF_F'"
18:09:00 "DSC: fnc_classifyGroups - Classified 52 groups"
18:09:00 "DSC: fnc_classifyGroups - Tag distribution: [[""INFANTRY_SQUAD"",7],[""NIGHT_CAPABLE"",39],[""PATROL"",24],[""ANTI_AIR"",3],[""SNIPER_TEAM"",1],[""MOTORIZED"",9],[""FIRETEAM"",18],[""NAVAL"",1],[""FOOT"",25],[""ELITE"",15],[""FIXED_WING"",2],[""MEDICAL_TEAM"",1],[""WEAPONS_SQUAD"",2],[""AA_TEAM"",3],[""AIRBORNE"",1],[""ARMOR"",11],[""SUPPORT_BY_FIRE"",2],[""SCOUT_RECON"",15],[""AMPHIBIOUS"",4],[""AIR_ASSAULT"",1],[""ANTI_ARMOR"",18],[""AT_TEAM"",8],[""ENGINEER_TEAM"",3],[""ARMORED"",11]]"
18:09:00 "  OIA_InfSquad (Infantry)"
18:09:00 "    Tags: [""INFANTRY_SQUAD"",""ANTI_ARMOR"",""FOOT"",""NIGHT_CAPABLE"",""PATROL""]"
18:09:00 "    Units: 8 inf, 0 veh | AT=1 AA=0 MG=1 | Conf: 0.6"
18:09:00 "  OIA_InfSquad_Weapons (Infantry)"
18:09:00 "    Tags: [""INFANTRY_SQUAD"",""ANTI_ARMOR"",""FOOT"",""NIGHT_CAPABLE"",""PATROL""]"
18:09:00 "    Units: 8 inf, 0 veh | AT=1 AA=0 MG=1 | Conf: 0.6"
18:09:00 "  OIA_InfTeam (Infantry)"
18:09:00 "    Tags: [""FIRETEAM"",""ANTI_ARMOR"",""AT_TEAM"",""FOOT"",""NIGHT_CAPABLE"",""PATROL""]"
18:09:00 "    Units: 4 inf, 0 veh | AT=1 AA=0 MG=1 | Conf: 0.75"
18:09:00 "  OIA_InfTeam_AT (Infantry)"
18:09:00 "    Tags: [""FIRETEAM"",""ANTI_ARMOR"",""AT_TEAM"",""FOOT"",""NIGHT_CAPABLE"",""PATROL""]"
18:09:00 "    Units: 4 inf, 0 veh | AT=2 AA=0 MG=0 | Conf: 0.75"
18:09:00 "  OIA_InfTeam_AA (Infantry)"
18:09:00 "    Tags: [""FIRETEAM"",""ANTI_AIR"",""AA_TEAM"",""FOOT"",""NIGHT_CAPABLE"",""PATROL""]"
18:09:00 "    Units: 4 inf, 0 veh | AT=0 AA=2 MG=0 | Conf: 0.75"
18:09:00 "  OIA_InfSentry (Infantry)"
18:09:00 "    Tags: [""FIRETEAM"",""FOOT"",""NIGHT_CAPABLE"",""PATROL""]"
18:09:00 "    Units: 2 inf, 0 veh | AT=0 AA=0 MG=0 | Conf: 0.6"
18:09:00 "  OI_reconTeam (Infantry)"
18:09:00 "    Tags: [""INFANTRY_SQUAD"",""ANTI_ARMOR"",""SCOUT_RECON"",""FOOT"",""ELITE"",""NIGHT_CAPABLE"",""PATROL""]"
18:09:00 "    Units: 6 inf, 0 veh | AT=1 AA=0 MG=0 | Conf: 0.8"
18:09:00 "  OI_reconPatrol (Infantry)"
18:09:00 "    Tags: [""FIRETEAM"",""MEDICAL_TEAM"",""SCOUT_RECON"",""FOOT"",""ELITE"",""NIGHT_CAPABLE"",""PATROL""]"
18:09:00 "    Units: 4 inf, 0 veh | AT=0 AA=0 MG=0 | Conf: 0.8"
18:09:00 "  OI_reconSentry (Infantry)"
18:09:00 "    Tags: [""FIRETEAM"",""SNIPER_TEAM"",""SCOUT_RECON"",""FOOT"",""ELITE"",""NIGHT_CAPABLE""]"
18:09:00 "    Units: 2 inf, 0 veh | AT=0 AA=0 MG=0 | Conf: 1"
18:09:00 "  OI_SniperTeam (Infantry)"
18:09:00 "    Tags: [""FIRETEAM"",""SCOUT_RECON"",""FOOT"",""NIGHT_CAPABLE"",""PATROL""]"
18:09:00 "    Units: 2 inf, 0 veh | AT=0 AA=0 MG=0 | Conf: 0.7"
18:09:00 "  OIA_InfAssault (Infantry)"
18:09:00 "    Tags: [""INFANTRY_SQUAD"",""ANTI_ARMOR"",""WEAPONS_SQUAD"",""SUPPORT_BY_FIRE"",""FOOT"",""NIGHT_CAPABLE"",""PATROL""]"
18:09:00 "    Units: 8 inf, 0 veh | AT=1 AA=0 MG=2 | Conf: 0.6"
18:09:00 "  OIA_ReconSquad (Infantry)"
18:09:00 "    Tags: [""INFANTRY_SQUAD"",""ANTI_ARMOR"",""SCOUT_RECON"",""FOOT"",""ELITE"",""NIGHT_CAPABLE"",""PATROL""]"
18:09:00 "    Units: 8 inf, 0 veh | AT=1 AA=0 MG=0 | Conf: 0.8"
18:09:00 "  O_InfTeam_AT_Heavy (Infantry)"
18:09:00 "    Tags: [""FIRETEAM"",""ANTI_ARMOR"",""AT_TEAM"",""FOOT"",""NIGHT_CAPABLE"",""PATROL""]"
18:09:00 "    Units: 4 inf, 0 veh | AT=2 AA=0 MG=0 | Conf: 0.75"
18:09:00 "  OIA_GuardSquad (UInfantry)"
18:09:00 "    Tags: [""INFANTRY_SQUAD"",""ANTI_ARMOR"",""FOOT"",""NIGHT_CAPABLE"",""PATROL""]"
18:09:00 "    Units: 8 inf, 0 veh | AT=1 AA=0 MG=1 | Conf: 0.6"
18:09:00 "  OIA_GuardTeam (UInfantry)"
18:09:00 "    Tags: [""FIRETEAM"",""ANTI_ARMOR"",""AT_TEAM"",""FOOT"",""NIGHT_CAPABLE"",""PATROL""]"
18:09:00 "    Units: 4 inf, 0 veh | AT=1 AA=0 MG=1 | Conf: 0.75"
18:09:00 "  OIA_GuardSentry (UInfantry)"
18:09:00 "    Tags: [""FIRETEAM"",""FOOT"",""NIGHT_CAPABLE"",""PATROL""]"
18:09:00 "    Units: 2 inf, 0 veh | AT=0 AA=0 MG=0 | Conf: 0.6"
18:09:00 "  OI_diverTeam (SpecOps)"
18:09:00 "    Tags: [""FIRETEAM"",""SCOUT_RECON"",""AMPHIBIOUS"",""FOOT"",""ELITE"",""PATROL""]"
18:09:00 "    Units: 4 inf, 0 veh | AT=0 AA=0 MG=0 | Conf: 0.8"
18:09:00 "  OI_diverTeam_Boat (SpecOps)"
18:09:00 "    Tags: [""SCOUT_RECON"",""AMPHIBIOUS"",""AMPHIBIOUS"",""NAVAL"",""ELITE""]"
18:09:00 "    Units: 4 inf, 1 veh | AT=0 AA=0 MG=0 | Conf: 0.7"
18:09:00 "  OI_diverTeam_SDV (SpecOps)"
18:09:00 "    Tags: [""SCOUT_RECON"",""AMPHIBIOUS"",""ELITE""]"
18:09:00 "    Units: 4 inf, 2 veh | AT=0 AA=0 MG=0 | Conf: 0.7"
18:09:00 "  OI_SmallTeam_UAV (SpecOps)"
18:09:00 "    Tags: [""SCOUT_RECON"",""AIRBORNE"",""AIR_ASSAULT"",""ELITE"",""NIGHT_CAPABLE""]"
18:09:00 "    Units: 2 inf, 1 veh | AT=0 AA=0 MG=0 | Conf: 0.7"
18:09:00 "  OI_ReconTeam_UGV (SpecOps)"
18:09:00 "    Tags: [""SCOUT_RECON"",""ELITE"",""NIGHT_CAPABLE""]"
18:09:00 "    Units: 2 inf, 1 veh | AT=0 AA=0 MG=0 | Conf: 0.7"
18:09:00 "  OI_AttackTeam_UGV (SpecOps)"
18:09:00 "    Tags: [""SCOUT_RECON"",""ELITE"",""NIGHT_CAPABLE""]"
18:09:00 "    Units: 2 inf, 1 veh | AT=0 AA=0 MG=0 | Conf: 0.7"
18:09:00 "  OI_ReconTeam_UAV (SpecOps)"
18:09:00 "    Tags: [""SCOUT_RECON"",""FIXED_WING"",""ELITE"",""NIGHT_CAPABLE""]"
18:09:00 "    Units: 2 inf, 1 veh | AT=0 AA=0 MG=0 | Conf: 0.7"
18:09:00 "  OI_AttackTeam_UAV (SpecOps)"
18:09:00 "    Tags: [""SCOUT_RECON"",""FIXED_WING"",""ELITE"",""NIGHT_CAPABLE""]"
18:09:00 "    Units: 2 inf, 1 veh | AT=0 AA=0 MG=0 | Conf: 0.7"
18:09:00 "  OI_ViperTeam (SpecOps)"
18:09:00 "    Tags: [""INFANTRY_SQUAD"",""ANTI_ARMOR"",""SCOUT_RECON"",""FOOT"",""ELITE"",""PATROL""]"
18:09:00 "    Units: 6 inf, 0 veh | AT=1 AA=0 MG=0 | Conf: 0.8"
18:09:00 "  OI_support_CLS (Support)"
18:09:00 "    Tags: [""FIRETEAM"",""FOOT"",""NIGHT_CAPABLE"",""PATROL""]"
18:09:00 "    Units: 4 inf, 0 veh | AT=0 AA=0 MG=1 | Conf: 0.6"
18:09:00 "  OI_support_EOD (Support)"
18:09:00 "    Tags: [""FIRETEAM"",""ENGINEER_TEAM"",""FOOT"",""NIGHT_CAPABLE"",""PATROL""]"
18:09:00 "    Units: 4 inf, 0 veh | AT=0 AA=0 MG=0 | Conf: 0.6"
18:09:00 "  OI_support_ENG (Support)"
18:09:00 "    Tags: [""FIRETEAM"",""ENGINEER_TEAM"",""FOOT"",""NIGHT_CAPABLE"",""PATROL""]"
18:09:00 "    Units: 4 inf, 0 veh | AT=0 AA=0 MG=0 | Conf: 0.6"
18:09:00 "  OI_recon_EOD (Support)"
18:09:00 "    Tags: [""FIRETEAM"",""SCOUT_RECON"",""FOOT"",""ELITE"",""NIGHT_CAPABLE"",""PATROL""]"
18:09:00 "    Units: 4 inf, 0 veh | AT=0 AA=0 MG=0 | Conf: 0.8"
18:09:00 "  OI_support_MG (Support)"
18:09:00 "    Tags: [""FIRETEAM"",""FOOT"",""NIGHT_CAPABLE"",""PATROL""]"
18:09:00 "    Units: 3 inf, 0 veh | AT=0 AA=0 MG=0 | Conf: 0.6"
18:09:00 "  OI_support_GMG (Support)"
18:09:00 "    Tags: [""FIRETEAM"",""FOOT"",""NIGHT_CAPABLE"",""PATROL""]"
18:09:00 "    Units: 3 inf, 0 veh | AT=0 AA=0 MG=0 | Conf: 0.6"
18:09:00 "  OI_support_Mort (Support)"
18:09:00 "    Tags: [""FIRETEAM"",""FOOT"",""NIGHT_CAPABLE"",""PATROL""]"
18:09:00 "    Units: 3 inf, 0 veh | AT=0 AA=0 MG=0 | Conf: 0.6"
18:09:00 "  OIA_MotInf_Team (Motorized_MTP)"
18:09:00 "    Tags: [""ANTI_ARMOR"",""AT_TEAM"",""MOTORIZED"",""NIGHT_CAPABLE""]"
18:09:00 "    Units: 2 inf, 1 veh | AT=1 AA=0 MG=1 | Conf: 0.65"
18:09:00 "  OIA_MotInf_AT (Motorized_MTP)"
18:09:00 "    Tags: [""ANTI_ARMOR"",""AT_TEAM"",""MOTORIZED"",""NIGHT_CAPABLE""]"
18:09:00 "    Units: 3 inf, 1 veh | AT=2 AA=0 MG=0 | Conf: 0.65"
18:09:00 "  OIA_MotInf_AA (Motorized_MTP)"
18:09:00 "    Tags: [""ANTI_AIR"",""AA_TEAM"",""MOTORIZED"",""NIGHT_CAPABLE""]"
18:09:00 "    Units: 3 inf, 1 veh | AT=0 AA=2 MG=0 | Conf: 0.65"
18:09:00 "  OIA_MotInf_MGTeam (Motorized_MTP)"
18:09:00 "    Tags: [""MOTORIZED"",""NIGHT_CAPABLE""]"
18:09:00 "    Units: 3 inf, 1 veh | AT=0 AA=0 MG=0 | Conf: 0.5"
18:09:00 "  OIA_MotInf_GMGTeam (Motorized_MTP)"
18:09:00 "    Tags: [""MOTORIZED"",""NIGHT_CAPABLE""]"
18:09:00 "    Units: 3 inf, 1 veh | AT=0 AA=0 MG=0 | Conf: 0.5"
18:09:00 "  OIA_MotInf_MortTeam (Motorized_MTP)"
18:09:00 "    Tags: [""MOTORIZED"",""NIGHT_CAPABLE""]"
18:09:00 "    Units: 3 inf, 1 veh | AT=0 AA=0 MG=0 | Conf: 0.5"
18:09:00 "  OIA_MotInf_Reinforce (Motorized_MTP)"
18:09:00 "    Tags: [""ANTI_ARMOR"",""AT_TEAM"",""WEAPONS_SQUAD"",""SUPPORT_BY_FIRE"",""MOTORIZED"",""NIGHT_CAPABLE""]"
18:09:00 "    Units: 12 inf, 1 veh | AT=2 AA=0 MG=2 | Conf: 0.65"
18:09:00 "  O_MotInf_ReconViperTeam (Motorized_MTP)"
18:09:00 "    Tags: [""ANTI_ARMOR"",""MOTORIZED"",""ELITE""]"
18:09:00 "    Units: 6 inf, 1 veh | AT=1 AA=0 MG=0 | Conf: 0.6"
18:09:00 "  O_MotInf_AssaultViperTeam (Motorized_MTP)"
18:09:00 "    Tags: [""ANTI_ARMOR"",""MOTORIZED""]"
18:09:00 "    Units: 6 inf, 1 veh | AT=1 AA=0 MG=0 | Conf: 0.5"
18:09:00 "  OIA_MechInfSquad (Mechanized)"
18:09:00 "    Tags: [""ANTI_ARMOR"",""ARMORED"",""ARMOR"",""NIGHT_CAPABLE""]"
18:09:00 "    Units: 8 inf, 1 veh | AT=1 AA=0 MG=1 | Conf: 0.65"
18:09:00 "  OIA_MechInf_AT (Mechanized)"
18:09:00 "    Tags: [""ANTI_ARMOR"",""AT_TEAM"",""ARMORED"",""ARMOR"",""NIGHT_CAPABLE""]"
18:09:00 "    Units: 8 inf, 1 veh | AT=3 AA=0 MG=1 | Conf: 0.8"
18:09:00 "  OIA_MechInf_AA (Mechanized)"
18:09:00 "    Tags: [""ANTI_AIR"",""AA_TEAM"",""ARMORED"",""ARMOR"",""NIGHT_CAPABLE""]"
18:09:00 "    Units: 8 inf, 1 veh | AT=0 AA=3 MG=1 | Conf: 0.8"
18:09:00 "  OIA_MechInf_Support (Mechanized)"
18:09:00 "    Tags: [""ENGINEER_TEAM"",""ARMORED"",""ARMOR"",""NIGHT_CAPABLE""]"
18:09:00 "    Units: 8 inf, 1 veh | AT=0 AA=0 MG=1 | Conf: 0.65"
18:09:00 "  OIA_TankPlatoon (Armored)"
18:09:00 "    Tags: [""ARMORED"",""ARMOR""]"
18:09:00 "    Units: 0 inf, 4 veh | AT=0 AA=0 MG=0 | Conf: 0.65"
18:09:00 "  OIA_TankPlatoon_AA (Armored)"
18:09:00 "    Tags: [""ARMORED"",""ARMOR""]"
18:09:00 "    Units: 0 inf, 4 veh | AT=0 AA=0 MG=0 | Conf: 0.65"
18:09:00 "  OIA_TankSection (Armored)"
18:09:00 "    Tags: [""ARMORED"",""ARMOR""]"
18:09:00 "    Units: 0 inf, 2 veh | AT=0 AA=0 MG=0 | Conf: 0.65"
18:09:00 "  OIA_SPGPlatoon_Scorcher (Armored)"
18:09:00 "    Tags: [""ARMORED"",""ARMOR""]"
18:09:00 "    Units: 0 inf, 4 veh | AT=0 AA=0 MG=0 | Conf: 0.65"
18:09:00 "  OIA_SPGSection_Scorcher (Armored)"
18:09:00 "    Tags: [""ARMORED"",""ARMOR""]"
18:09:00 "    Units: 0 inf, 2 veh | AT=0 AA=0 MG=0 | Conf: 0.65"
18:09:00 "  O_TankSection_Heavy (Armored)"
18:09:00 "    Tags: [""ARMORED"",""ARMOR""]"
18:09:00 "    Units: 0 inf, 2 veh | AT=0 AA=0 MG=0 | Conf: 0.65"
18:09:00 "  O_TankPlatoon_Heavy (Armored)"
18:09:00 "    Tags: [""ARMORED"",""ARMOR""]"
18:09:00 "    Units: 0 inf, 4 veh | AT=0 AA=0 MG=0 | Conf: 0.65"
18:09:00 ""
18:09:00 "=============================================================="
18:09:00 "DSC: Faction 'IND_F'"
18:09:00 "=============================================================="
18:09:00 "DSC: fnc_extractGroups - Extracted 42 groups from faction 'IND_F'"
18:09:00 "DSC: fnc_classifyGroups - Classified 42 groups"
18:09:00 "DSC: fnc_classifyGroups - Tag distribution: [[""INFANTRY_SQUAD"",2],[""NIGHT_CAPABLE"",31],[""PATROL"",15],[""ANTI_AIR"",4],[""MOTORIZED"",7],[""FIRETEAM"",13],[""NAVAL"",1],[""PLATOON_ELEMENT"",1],[""FOOT"",15],[""ELITE"",9],[""FIXED_WING"",2],[""WEAPONS_SQUAD"",1],[""AA_TEAM"",4],[""AIRBORNE"",1],[""ARMOR"",13],[""SUPPORT_BY_FIRE"",1],[""SCOUT_RECON"",9],[""AMPHIBIOUS"",4],[""AIR_ASSAULT"",1],[""ANTI_ARMOR"",10],[""AT_TEAM"",7],[""ENGINEER_TEAM"",3],[""ARMORED"",13]]"
18:09:00 "  HAF_InfSquad (Infantry)"
18:09:00 "    Tags: [""INFANTRY_SQUAD"",""ANTI_ARMOR"",""FOOT"",""NIGHT_CAPABLE"",""PATROL""]"
18:09:00 "    Units: 8 inf, 0 veh | AT=1 AA=0 MG=1 | Conf: 0.6"
18:09:00 "  HAF_InfSquad_Weapons (Infantry)"
18:09:00 "    Tags: [""INFANTRY_SQUAD"",""ANTI_ARMOR"",""FOOT"",""NIGHT_CAPABLE"",""PATROL""]"
18:09:00 "    Units: 8 inf, 0 veh | AT=1 AA=0 MG=1 | Conf: 0.6"
18:09:00 "  HAF_InfTeam (Infantry)"
18:09:00 "    Tags: [""FIRETEAM"",""ANTI_ARMOR"",""AT_TEAM"",""FOOT"",""NIGHT_CAPABLE"",""PATROL""]"
18:09:00 "    Units: 4 inf, 0 veh | AT=1 AA=0 MG=1 | Conf: 0.75"
18:09:00 "  HAF_InfTeam_AT (Infantry)"
18:09:00 "    Tags: [""FIRETEAM"",""ANTI_ARMOR"",""AT_TEAM"",""FOOT"",""NIGHT_CAPABLE"",""PATROL""]"
18:09:00 "    Units: 4 inf, 0 veh | AT=2 AA=0 MG=0 | Conf: 0.75"
18:09:00 "  HAF_InfTeam_AA (Infantry)"
18:09:00 "    Tags: [""FIRETEAM"",""ANTI_AIR"",""AA_TEAM"",""FOOT"",""NIGHT_CAPABLE"",""PATROL""]"
18:09:00 "    Units: 4 inf, 0 veh | AT=0 AA=2 MG=0 | Conf: 0.75"
18:09:00 "  HAF_InfSentry (Infantry)"
18:09:00 "    Tags: [""FIRETEAM"",""FOOT"",""NIGHT_CAPABLE"",""PATROL""]"
18:09:00 "    Units: 2 inf, 0 veh | AT=0 AA=0 MG=0 | Conf: 0.6"
18:09:00 "  HAF_SniperTeam (Infantry)"
18:09:00 "    Tags: [""FIRETEAM"",""SCOUT_RECON"",""FOOT"",""NIGHT_CAPABLE"",""PATROL""]"
18:09:00 "    Units: 2 inf, 0 veh | AT=0 AA=0 MG=0 | Conf: 0.7"
18:09:00 "  I_InfTeam_Light (Infantry)"
18:09:00 "    Tags: [""FIRETEAM"",""ANTI_ARMOR"",""AT_TEAM"",""FOOT"",""NIGHT_CAPABLE"",""PATROL""]"
18:09:00 "    Units: 4 inf, 0 veh | AT=1 AA=0 MG=1 | Conf: 0.75"
18:09:00 "  HAF_DiverTeam (SpecOps)"
18:09:00 "    Tags: [""FIRETEAM"",""SCOUT_RECON"",""AMPHIBIOUS"",""FOOT"",""ELITE"",""PATROL""]"
18:09:00 "    Units: 4 inf, 0 veh | AT=0 AA=0 MG=0 | Conf: 0.8"
18:09:00 "  HAF_DiverTeam_Boat (SpecOps)"
18:09:00 "    Tags: [""SCOUT_RECON"",""AMPHIBIOUS"",""AMPHIBIOUS"",""NAVAL"",""ELITE""]"
18:09:00 "    Units: 4 inf, 1 veh | AT=0 AA=0 MG=0 | Conf: 0.7"
18:09:00 "  HAF_DiverTeam_SDV (SpecOps)"
18:09:00 "    Tags: [""SCOUT_RECON"",""AMPHIBIOUS"",""ELITE""]"
18:09:00 "    Units: 4 inf, 2 veh | AT=0 AA=0 MG=0 | Conf: 0.7"
18:09:00 "  HAF_SmallTeam_UAV (SpecOps)"
18:09:00 "    Tags: [""SCOUT_RECON"",""AIRBORNE"",""AIR_ASSAULT"",""ELITE"",""NIGHT_CAPABLE""]"
18:09:00 "    Units: 2 inf, 1 veh | AT=0 AA=0 MG=0 | Conf: 0.7"
18:09:00 "  HAF_ReconTeam_UGV (SpecOps)"
18:09:00 "    Tags: [""SCOUT_RECON"",""ELITE"",""NIGHT_CAPABLE""]"
18:09:00 "    Units: 2 inf, 1 veh | AT=0 AA=0 MG=0 | Conf: 0.7"
18:09:00 "  HAF_AttackTeam_UGV (SpecOps)"
18:09:00 "    Tags: [""SCOUT_RECON"",""ELITE"",""NIGHT_CAPABLE""]"
18:09:00 "    Units: 2 inf, 1 veh | AT=0 AA=0 MG=0 | Conf: 0.7"
18:09:00 "  HAF_ReconTeam_UAV (SpecOps)"
18:09:00 "    Tags: [""SCOUT_RECON"",""FIXED_WING"",""ELITE"",""NIGHT_CAPABLE""]"
18:09:00 "    Units: 2 inf, 1 veh | AT=0 AA=0 MG=0 | Conf: 0.7"
18:09:00 "  HAF_AttackTeam_UAV (SpecOps)"
18:09:00 "    Tags: [""SCOUT_RECON"",""FIXED_WING"",""ELITE"",""NIGHT_CAPABLE""]"
18:09:00 "    Units: 2 inf, 1 veh | AT=0 AA=0 MG=0 | Conf: 0.7"
18:09:00 "  HAF_Support_CLS (Support)"
18:09:00 "    Tags: [""FIRETEAM"",""FOOT"",""NIGHT_CAPABLE"",""PATROL""]"
18:09:00 "    Units: 4 inf, 0 veh | AT=0 AA=0 MG=1 | Conf: 0.6"
18:09:00 "  HAF_Support_EOD (Support)"
18:09:00 "    Tags: [""FIRETEAM"",""ENGINEER_TEAM"",""FOOT"",""NIGHT_CAPABLE"",""PATROL""]"
18:09:00 "    Units: 4 inf, 0 veh | AT=0 AA=0 MG=0 | Conf: 0.6"
18:09:00 "  HAF_Support_ENG (Support)"
18:09:00 "    Tags: [""FIRETEAM"",""ENGINEER_TEAM"",""FOOT"",""NIGHT_CAPABLE"",""PATROL""]"
18:09:00 "    Units: 4 inf, 0 veh | AT=0 AA=0 MG=0 | Conf: 0.6"
18:09:00 "  HAF_Support_MG (Support)"
18:09:00 "    Tags: [""FIRETEAM"",""FOOT"",""NIGHT_CAPABLE"",""PATROL""]"
18:09:00 "    Units: 3 inf, 0 veh | AT=0 AA=0 MG=0 | Conf: 0.6"
18:09:00 "  HAF_Support_GMG (Support)"
18:09:00 "    Tags: [""FIRETEAM"",""FOOT"",""NIGHT_CAPABLE"",""PATROL""]"
18:09:00 "    Units: 3 inf, 0 veh | AT=0 AA=0 MG=0 | Conf: 0.6"
18:09:00 "  HAF_Support_Mort (Support)"
18:09:00 "    Tags: [""FIRETEAM"",""FOOT"",""NIGHT_CAPABLE"",""PATROL""]"
18:09:00 "    Units: 3 inf, 0 veh | AT=0 AA=0 MG=0 | Conf: 0.6"
18:09:00 "  HAF_MotInf_Team (Motorized)"
18:09:00 "    Tags: [""ANTI_ARMOR"",""AT_TEAM"",""MOTORIZED"",""NIGHT_CAPABLE""]"
18:09:00 "    Units: 1 inf, 1 veh | AT=1 AA=0 MG=0 | Conf: 0.65"
18:09:00 "  HAF_MotInf_AT (Motorized)"
18:09:00 "    Tags: [""ANTI_ARMOR"",""AT_TEAM"",""MOTORIZED"",""NIGHT_CAPABLE""]"
18:09:00 "    Units: 2 inf, 1 veh | AT=2 AA=0 MG=0 | Conf: 0.65"
18:09:00 "  HAF_MotInf_AA (Motorized)"
18:09:00 "    Tags: [""ANTI_AIR"",""AA_TEAM"",""MOTORIZED"",""NIGHT_CAPABLE""]"
18:09:00 "    Units: 2 inf, 1 veh | AT=0 AA=2 MG=0 | Conf: 0.65"
18:09:00 "  HAF_MotInf_MGTeam (Motorized)"
18:09:00 "    Tags: [""MOTORIZED"",""NIGHT_CAPABLE""]"
18:09:00 "    Units: 2 inf, 1 veh | AT=0 AA=0 MG=0 | Conf: 0.5"
18:09:00 "  HAF_MotInf_GMGTeam (Motorized)"
18:09:00 "    Tags: [""MOTORIZED"",""NIGHT_CAPABLE""]"
18:09:00 "    Units: 2 inf, 1 veh | AT=0 AA=0 MG=0 | Conf: 0.5"
18:09:00 "  HAF_MotInf_MortTeam (Motorized)"
18:09:00 "    Tags: [""MOTORIZED"",""NIGHT_CAPABLE""]"
18:09:00 "    Units: 2 inf, 1 veh | AT=0 AA=0 MG=0 | Conf: 0.5"
18:09:00 "  HAF_MotInf_Reinforce (Motorized)"
18:09:00 "    Tags: [""PLATOON_ELEMENT"",""ANTI_ARMOR"",""AT_TEAM"",""WEAPONS_SQUAD"",""SUPPORT_BY_FIRE"",""MOTORIZED"",""NIGHT_CAPABLE""]"
18:09:00 "    Units: 16 inf, 1 veh | AT=2 AA=0 MG=2 | Conf: 0.65"
18:09:00 "  HAF_MechInfSquad (Mechanized)"
18:09:00 "    Tags: [""ANTI_ARMOR"",""ARMORED"",""ARMOR"",""NIGHT_CAPABLE""]"
18:09:00 "    Units: 8 inf, 1 veh | AT=1 AA=0 MG=1 | Conf: 0.65"
18:09:00 "  HAF_MechInf_AT (Mechanized)"
18:09:00 "    Tags: [""ANTI_ARMOR"",""AT_TEAM"",""ARMORED"",""ARMOR"",""NIGHT_CAPABLE""]"
18:09:00 "    Units: 7 inf, 1 veh | AT=3 AA=0 MG=0 | Conf: 0.8"
18:09:00 "  HAF_MechInf_AA (Mechanized)"
18:09:00 "    Tags: [""ANTI_AIR"",""AA_TEAM"",""ARMORED"",""ARMOR"",""NIGHT_CAPABLE""]"
18:09:00 "    Units: 7 inf, 1 veh | AT=0 AA=3 MG=0 | Conf: 0.8"
18:09:00 "  HAF_MechInf_Support (Mechanized)"
18:09:00 "    Tags: [""ENGINEER_TEAM"",""ARMORED"",""ARMOR"",""NIGHT_CAPABLE""]"
18:09:00 "    Units: 8 inf, 1 veh | AT=0 AA=0 MG=1 | Conf: 0.65"
18:09:00 "  HAF_TankPlatoon (Armored)"
18:09:00 "    Tags: [""ARMORED"",""ARMOR""]"
18:09:00 "    Units: 0 inf, 4 veh | AT=0 AA=0 MG=0 | Conf: 0.65"
18:09:00 "  HAF_TankPlatoon_AA (Armored)"
18:09:00 "    Tags: [""ANTI_AIR"",""AA_TEAM"",""ARMORED"",""ARMOR"",""NIGHT_CAPABLE""]"
18:09:00 "    Units: 7 inf, 4 veh | AT=0 AA=3 MG=0 | Conf: 0.8"
18:09:00 "  HAF_TankSection (Armored)"
18:09:00 "    Tags: [""ARMORED"",""ARMOR""]"
18:09:00 "    Units: 0 inf, 2 veh | AT=0 AA=0 MG=0 | Conf: 0.65"
18:09:00 "  I_LTankSection_Assault (Armored)"
18:09:00 "    Tags: [""ARMORED"",""ARMOR""]"
18:09:00 "    Units: 0 inf, 2 veh | AT=0 AA=0 MG=0 | Conf: 0.65"
18:09:00 "  I_LTankSection_Recon (Armored)"
18:09:00 "    Tags: [""ARMORED"",""ARMOR"",""ELITE""]"
18:09:00 "    Units: 0 inf, 2 veh | AT=0 AA=0 MG=0 | Conf: 0.75"
18:09:00 "  I_LTankSection_AA (Armored)"
18:09:00 "    Tags: [""ARMORED"",""ARMOR""]"
18:09:00 "    Units: 0 inf, 2 veh | AT=0 AA=0 MG=0 | Conf: 0.65"
18:09:00 "  I_LTankSection_AT (Armored)"
18:09:00 "    Tags: [""ARMORED"",""ARMOR""]"
18:09:00 "    Units: 0 inf, 2 veh | AT=0 AA=0 MG=0 | Conf: 0.65"
18:09:00 "  I_LTankPlatoon_combined (Armored)"
18:09:00 "    Tags: [""ARMORED"",""ARMOR""]"
18:09:00 "    Units: 0 inf, 4 veh | AT=0 AA=0 MG=0 | Conf: 0.65"
18:09:00 "  I_LTankPlatoon_AA (Armored)"
18:09:00 "    Tags: [""ARMORED"",""ARMOR""]"
18:09:00 "    Units: 0 inf, 4 veh | AT=0 AA=0 MG=0 | Conf: 0.65"
18:09:00 ""
18:09:00 "=============================================================="
18:09:00 "DSC: Classification complete"
18:09:00 "=============================================================="